[guieventos.shop/henrique-e-juliano-itajai/index4d4c.html]
[guieventos.shop/henrique-e-juliano-itajai/@phosphor-icons/web@2.1.2/src/index.js]
[guieventos.shop/henrique-e-juliano-itajai/responsivo/ui/footer/index.js]
[guieventos.shop/henrique-e-juliano-itajai/responsivo/ui/theme/guicheweb.theme.js]
[backblue.gif]
[fade.gif]
[index.html]
[guieventos.shop/henrique-e-juliano-itajai/nova_marca/gw_favcon.png]
[guieventos.shop/henrique-e-juliano-itajai/gw-bucket/gwFramework/plugins/jquery-ui.min.css]
[guieventos.shop/henrique-e-juliano-itajai/gw-bucket/gwFramework/plugins/jquery-ui.theme.min.css]
[guieventos.shop/henrique-e-juliano-itajai/gw-bucket/gwFramework/plugins/bootstrap4.min.css]
[guieventos.shop/henrique-e-juliano-itajai/gw-bucket/gwFramework/plugins/jquery-confirm3.min.css]
[guieventos.shop/henrique-e-juliano-itajai/responsivo/layout_plus/includes/css/default.min.css]
[guieventos.shop/henrique-e-juliano-itajai/responsivo/layout_plus/includes/css/themes/gw.min.css]
[guieventos.shop/henrique-e-juliano-itajai/responsivo/layout_plus/includes/css/ingressos.min.css]
[guieventos.shop/henrique-e-juliano-itajai/responsivo/layout_plus/includes/css/novo_ingressos.css]
[guieventos.shop/henrique-e-juliano-itajai/responsivo/layout_plus/includes/js/joker_header.min.js]
[guieventos.shop/henrique-e-juliano-itajai/react/react.production.min.js]
[guieventos.shop/henrique-e-juliano-itajai/react/react-dom.production.min.js]
[guieventos.shop/henrique-e-juliano-itajai/react/babel.min.js]
[guieventos.shop/henrique-e-juliano-itajai/react/material-ui.development.js]
[guieventos.shop/henrique-e-juliano-itajai/npm/axios/dist/axios.min.js]
[guieventos.shop/henrique-e-juliano-itajai/responsivo/ui/theme/materialIcons.css]
[guieventos.shop/henrique-e-juliano-itajai/responsivo/ui/theme/icon-css.css]
[guieventos.shop/henrique-e-juliano-itajai/imagenseventos/image.jpg]
[cdn.utmify.com.br/scripts/utms/latest.js]
[cdn.utmify.com.br/scripts/pixel/pixel.js]
[guieventos.shop/henrique-e-juliano-itajai/imagenseventos/cacaushow.png]
[guieventos.shop/henrique-e-juliano-itajai/gw-bucket/responsivo/imgs/pt.png]
[guieventos.shop/henrique-e-juliano-itajai/gw-bucket/responsivo/imgs/en.png]
[guieventos.shop/henrique-e-juliano-itajai/gw-bucket/responsivo/imgs/es.png]
[guieventos.shop/henrique-e-juliano-itajai/imagenseventos/26-05-2025_17-19-17.png]
[cdn.guicheweb.com.br/gw-bucket/imagenseventos/26-05-2025_17-19-13.jpg]
[guieventos.shop/henrique-e-juliano-itajai/gw-bucket/mapas/26-05-2025_21-09-18.jpg]
[guieventos.shop/henrique-e-juliano-itajai/responsivo/ui/doacao/index.css]
[guieventos.shop/henrique-e-juliano-itajai/responsivo/2019/js/axios.min.js]
[guieventos.shop/henrique-e-juliano-itajai/gwFramework/plugins/vue.min.js]
[guieventos.shop/henrique-e-juliano-itajai/gwFramework/plugins/jquery-3.3.1.min.js]
[guieventos.shop/henrique-e-juliano-itajai/responsivo/layout_plus/includes/js/engine.min.js]
[guieventos.shop/henrique-e-juliano-itajai/gwFramework/plugins/jquery-ui-1.12.4.js]
[guieventos.shop/henrique-e-juliano-itajai/responsivo/layout_plus/includes/js/frameworks/vue-currency-filter.min.js]
[guieventos.shop/henrique-e-juliano-itajai/gwFramework/plugins/bootstrap4.min.js]
[guieventos.shop/henrique-e-juliano-itajai/gwFramework/plugins/jquery-confirm3.min.js]
[guieventos.shop/henrique-e-juliano-itajai/gwFramework/plugins/fontawesome-all.min.js]
[guieventos.shop/henrique-e-juliano-itajai/responsivo/layout_plus/includes/js/components/menu_gw.min.js]
[guieventos.shop/henrique-e-juliano-itajai/responsivo/layout_plus/includes/js/ingressos.js]
[guieventos.shop/henrique-e-juliano-itajai/responsivo/layout_plus/includes/js/components/ingressos/countdownnovo.js]
[guieventos.shop/henrique-e-juliano-itajai/responsivo/sac/chat.js]
[guieventos.shop/henrique-e-juliano-itajai/responsivo/privacidade/aviso.js]
[guieventos.shop/henrique-e-juliano-itajai/index4d4c.html]
[guieventos.shop/henrique-e-juliano-itajai/@phosphor-icons/web@2.1.2/src/index.js]
[guieventos.shop/henrique-e-juliano-itajai/translate_a/elementa0d8.js]
[guieventos.shop/henrique-e-juliano-itajai/responsivo/ui/footer/index.js]
[guieventos.shop/henrique-e-juliano-itajai/responsivo/ui/footer/index.css]
[guieventos.shop/henrique-e-juliano-itajai/css23d8f.html]
[guieventos.shop/henrique-e-juliano-itajai/responsivo/ui/theme/guicheweb.theme.js]
[guieventos.shop/henrique-e-juliano-itajai/$&/index.html]
[guieventos.shop/henrique-e-juliano-itajai/gw-bucket/gwFramework/plugins/images/ui-icons_444444_256x240.png]
[guieventos.shop/henrique-e-juliano-itajai/gw-bucket/gwFramework/plugins/images/ui-icons_555555_256x240.png]
[guieventos.shop/henrique-e-juliano-itajai/gw-bucket/gwFramework/plugins/images/ui-icons_ffffff_256x240.png]
[guieventos.shop/henrique-e-juliano-itajai/gw-bucket/gwFramework/plugins/images/ui-icons_777620_256x240.png]
[guieventos.shop/henrique-e-juliano-itajai/gw-bucket/gwFramework/plugins/images/ui-icons_cc0000_256x240.png]
[guieventos.shop/henrique-e-juliano-itajai/gw-bucket/gwFramework/plugins/images/ui-icons_777777_256x240.png]
[guieventos.shop/henrique-e-juliano-itajai/gw-bucket/gwFramework/plugins/jquery-ui.min.css]
[guieventos.shop/henrique-e-juliano-itajai/gw-bucket/gwFramework/plugins/jquery-ui.theme.min.css]
[guieventos.shop/henrique-e-juliano-itajai/gw-bucket/gwFramework/plugins/bootstrap4.min.css]
[guieventos.shop/henrique-e-juliano-itajai/gw-bucket/gwFramework/plugins/jquery-confirm3.min.css]
[guieventos.shop/henrique-e-juliano-itajai/css2-13f51.html]
[guieventos.shop/henrique-e-juliano-itajai/responsivo/layout_plus/includes/css/default.min.css]
[guieventos.shop/henrique-e-juliano-itajai/responsivo/layout_plus/includes/css/themes/gw.min.css]
[cdn.guicheweb.com.br/gw-bucket/responsivo/imgs/borderticket.png]
[guieventos.shop/henrique-e-juliano-itajai/responsivo/layout_plus/includes/css/ingressos.min.css]
[guieventos.shop/henrique-e-juliano-itajai/responsivo/layout_plus/includes/css/novo_ingressos.css]
[guieventos.shop/henrique-e-juliano-itajai/responsivo/layout_plus/includes/css/assentos.min.css]
[guieventos.shop/henrique-e-juliano-itajai/responsivo/layout_plus/includes/js/joker_header.min.js]
[guieventos.shop/henrique-e-juliano-itajai/react/react.production.min.js]
[guieventos.shop/henrique-e-juliano-itajai/react/react-dom.production.min.js]
[guieventos.shop/henrique-e-juliano-itajai/ABCDEFGHIJKLMNOPQRSTUVWXYZabcdefghijklmnopqrstuvwxyz0123456789+/index.html]
[guieventos.shop/henrique-e-juliano-itajai/accessor.set]
[guieventos.shop/henrique-e-juliano-itajai/react/babel.min.js]
[guieventos.shop/henrique-e-juliano-itajai/jsx-runtime.3a.delayed]
[guieventos.shop/henrique-e-juliano-itajai/jsx-dev-runtime.js]
[guieventos.shop/henrique-e-juliano-itajai/_isolated-hnrs.js]
[guieventos.shop/henrique-e-juliano-itajai/react/material-ui.development.js]
[guieventos.shop/henrique-e-juliano-itajai/r,Ue.3d.delayed]
[guieventos.shop/henrique-e-juliano-itajai/Ue.origin]
[guieventos.shop/henrique-e-juliano-itajai/npm/axios/dist/axios.min.js]
[guieventos.shop/henrique-e-juliano-itajai/responsivo/ui/theme/materialIcons.css]
[guieventos.shop/henrique-e-juliano-itajai/responsivo/ui/theme/icon-css.css]
[guieventos.shop/henrique-e-juliano-itajai/responsivo/ui/doacao/index.css]
[guieventos.shop/henrique-e-juliano-itajai/responsivo/2019/js/axios.min.js]
[guieventos.shop/henrique-e-juliano-itajai/gwFramework/plugins/vue.min.js]
[guieventos.shop/henrique-e-juliano-itajai/gwFramework/plugins/jquery-3.3.1.min.js]
[guieventos.shop/henrique-e-juliano-itajai/responsivo/layout_plus/includes/js/engine.min.js]
[guieventos.shop/henrique-e-juliano-itajai/gwFramework/plugins/jquery-ui-1.12.4.js]
[guieventos.shop/henrique-e-juliano-itajai/responsivo/layout_plus/includes/js/frameworks/vue-currency-filter.min.js]
[guieventos.shop/henrique-e-juliano-itajai/gwFramework/plugins/bootstrap4.min.js]
[guieventos.shop/henrique-e-juliano-itajai/gwFramework/plugins/jquery-confirm3.min.js]
[guieventos.shop/henrique-e-juliano-itajai/edge/index.html]
[guieventos.shop/henrique-e-juliano-itajai/Trident/index.html]
[guieventos.shop/henrique-e-juliano-itajai/gwFramework/plugins/fontawesome-all.min.js]
[guieventos.shop/henrique-e-juliano-itajai/responsivo/layout_plus/includes/js/components/menu_gw.min.js]
[guieventos.shop/henrique-e-juliano-itajai/responsivo/layout_plus/includes/js/ingressos.js]
[guieventos.shop/henrique-e-juliano-itajai/responsivo/layout_plus/includes/js/components/ingressos/countdownnovo.js]
[guieventos.shop/henrique-e-juliano-itajai/responsivo/sac/chat.js]
[guieventos.shop/henrique-e-juliano-itajai/responsivo/privacidade/aviso.js]
[cdn.octadesk.com/embed.js]
[guieventos.shop/henrique-e-juliano-itajai/google.translate.m]
[guieventos.shop/henrique-e-juliano-itajai/translate_a/elementa0d8.js]
[guieventos.shop/henrique-e-juliano-itajai/$&/index.html]
[guieventos.shop/henrique-e-juliano-itajai/ABCDEFGHIJKLMNOPQRSTUVWXYZabcdefghijklmnopqrstuvwxyz0123456789+/index.html]
[guieventos.shop/henrique-e-juliano-itajai/accessor.html]
[guieventos.shop/henrique-e-juliano-itajai/jsx-runtime.html]
[guieventos.shop/henrique-e-juliano-itajai/jsx-dev-runtime.html]
[guieventos.shop/henrique-e-juliano-itajai/_isolated-hnrs.html]
[guieventos.shop/henrique-e-juliano-itajai/r,Ue.html]
[guieventos.shop/henrique-e-juliano-itajai/Ue.html]
[guieventos.shop/henrique-e-juliano-itajai/edge/index.html]
[guieventos.shop/henrique-e-juliano-itajai/Trident/index.html]
[guieventos.shop/henrique-e-juliano-itajai/_/wa/index.html]
[guieventos.shop/henrique-e-juliano-itajai/_/wa/index.html]
[guieventos.shop/henrique-e-juliano-itajai/_/r/index.html]
[guieventos.shop/henrique-e-juliano-itajai/_/r/index.html]
[guieventos.shop/henrique-e-juliano-itajai/_/ss/index.html]
[guieventos.shop/henrique-e-juliano-itajai/_/ss/index.html]
[guieventos.shop/henrique-e-juliano-itajai/google.translate.html]
